2026-08-10 10:44:17.955995: E external/local_xla/xla/stream_executor/cuda/cuda_fft.cc:479] Unable to register cuFFT factory: Attempting to register factory for plugin cuFFT when one has already been registered
2026-08-10 10:44:18.022138: E external/local_xla/xla/stream_executor/cuda/cuda_dnn.cc:10575] Unable to register cuDNN factory: Attempting to register factory for plugin cuDNN when one has already been registered
2026-08-10 10:44:18.022699: E external/local_xla/xla/stream_executor/cuda/cuda_blas.cc:1442] Unable to register cuBLAS factory: Attempting to register factory for plugin cuBLAS when one has already been registered
WARNING:tensorflow:From /opt/ai2kit/lib/python3.11/site-packages/tensorflow/python/compat/v2_compat.py:98: disable_resource_variables (from tensorflow.python.ops.resource_variables_toggle) is deprecated and will be removed in a future version.
Instructions for updating:
non-resource variables are not supported in the long term
Switch to serial execution due to lack of horovod module.
/opt/ai2kit/lib/python3.11/site-packages/deepmd_utils/utils/compat.py:332: UserWarning: It seems that you are using a deepmd-kit input of version 1.x.x, which is deprecated. we have converted the input to >2.0.0 compatible
  warnings.warn(msg)
DEEPMD INFO    Calculate neighbor statistics... (add --skip-neighbor-stat to skip this step)
WARNING:tensorflow:From /opt/ai2kit/lib/python3.11/site-packages/deepmd/utils/batch_size.py:28: is_gpu_available (from tensorflow.python.framework.test_util) is deprecated and will be removed in a future version.
Instructions for updating:
Use `tf.config.list_physical_devices('GPU')` instead.
You can use the environment variable DP_INFER_BATCH_SIZE tocontrol the inference batch size (nframes * natoms). The default value is 1024.
DEEPMD INFO    training data with min nbor dist: 0.8932567025165802
DEEPMD INFO    training data with max nbor size: [1 2]
DEEPMD INFO     _____               _____   __  __  _____           _     _  _   
DEEPMD INFO    |  __ \             |  __ \ |  \/  ||  __ \         | |   (_)| |  
DEEPMD INFO    | |  | |  ___   ___ | |__) || \  / || |  | | ______ | | __ _ | |_ 
DEEPMD INFO    | |  | | / _ \ / _ \|  ___/ | |\/| || |  | ||______|| |/ /| || __|
DEEPMD INFO    | |__| ||  __/|  __/| |     | |  | || |__| |        |   < | || |_ 
DEEPMD INFO    |_____/  \___| \___||_|     |_|  |_||_____/         |_|\_\|_| \__|
DEEPMD INFO    Please read and cite:
DEEPMD INFO    Wang, Zhang, Han and E, Comput.Phys.Comm. 228, 178-184 (2018)
DEEPMD INFO    Zeng et al, J. Chem. Phys., 159, 054801 (2023)
DEEPMD INFO    See https://deepmd.rtfd.io/credits/ for details.
DEEPMD INFO    installed to:         /usr/local
DEEPMD INFO    source :              v2.2.11
DEEPMD INFO    source brach:         HEAD
DEEPMD INFO    source commit:        84ca63ca
DEEPMD INFO    source commit at:     2024-07-03 23:01:07 +0800
DEEPMD INFO    build float prec:     double
DEEPMD INFO    build variant:        cuda
DEEPMD INFO    build with tf inc:    /tmp/build-env-gophdg11/lib/python3.11/site-packages/tensorflow/include/;/tmp/build-env-gophdg11/lib/python3.11/site-packages/tensorflow/include/
DEEPMD INFO    build with tf lib:    /tmp/build-env-gophdg11/lib/python3.11/site-packages/tensorflow/libtensorflow_cc.so.2
DEEPMD INFO    ---Summary of the training---------------------------------------
DEEPMD INFO    running on:           2a164eb2ee86
DEEPMD INFO    computing device:     cpu:0
DEEPMD INFO    CUDA_VISIBLE_DEVICES: unset
DEEPMD INFO    Count of visible GPU: 0
DEEPMD INFO    num_intra_threads:    1
DEEPMD INFO    num_inter_threads:    1
DEEPMD INFO    -----------------------------------------------------------------
DEEPMD INFO    training without frame parameter
DEEPMD INFO    data stating... (this step may take long time)
DEEPMD INFO    built lr
DEEPMD INFO    built network
DEEPMD INFO    built training
DEEPMD INFO    initialize model from scratch
DEEPMD INFO    start training at lr 1.00e-03 (== 1.00e-03), decay_step 1, decay_rate 0.999487, final lr will be 9.99e-04
WARNING:tensorflow:From /opt/ai2kit/lib/python3.11/site-packages/deepmd/train/trainer.py:1191: py_func (from tensorflow.python.ops.script_ops) is deprecated and will be removed in a future version.
Instructions for updating:
tf.py_func is deprecated in TF V2. Instead, there are two
    options available in V2.
    - tf.py_function takes a python function which manipulates tf eager
    tensors instead of numpy arrays. It's easy to convert a tf eager tensor to
    an ndarray (just call tensor.numpy()) but having access to eager tensors
    means `tf.py_function`s can use accelerators such as GPUs as well as
    being differentiable using a gradient tape.
    - tf.numpy_function maintains the semantics of the deprecated tf.py_func
    (it is not differentiable, and manipulates numpy arrays). It drops the
    stateful argument making all functions stateful.
    
DEEPMD INFO    saved checkpoint model.ckpt
DEEPMD INFO    finished training
DEEPMD INFO    wall time: 0.965 s
